C51 COMPILER V9.52.0.0   MAIN                                                              04/08/2016 17:41:50 PAGE 1   


C51 COMPILER V9.52.0.0, COMPILATION OF MODULE MAIN
OBJECT MODULE PLACED IN main.OBJ
COMPILER INVOKED BY: F:\Keil\C51\BIN\C51.EXE main.c LARGE BROWSE DEBUG OBJECTEXTEND TABS(2)

line level    source

   1          #include "pwm.h"
   2          #include "timer.h"
   3          #include "Exti.h"
   4          #include "Lcd.h"
   5          #include "config.h"
   6          
   7          #define speed 150//正常行驶速度 0-255
   8          #define TLIN P0&0x03//红外信号线（3路）取P0的低3位 P00最右
   9          
  10          sbit k =P1^6;//定义红外开关输入端口
  11          unsigned char g;//常数g
  12           
  13          //电机模块管脚
  14          //将右电机信号线接P25 pwm0
  15          //将左电机信号线接P25 pwm1
  16          
  17          //sbit led1 = P0^4;  //循迹模块管脚
  18          //sbit led2 = P0^5;
  19          //sbit led3 = P0^6;
  20          //sbit led4 = P0^7;
  21          //sbit led5 = P2^4;
  22          //sbit led6 = P2^5;
  23          //sbit led7 = P2^0;
  24          //sbit led8 = P2^3;
  25          extern u8 time_counter=0;//timer0 计数
  26          extern u8 line_counter=0;//黑线 计数
  27          extern u8 time_counter1=0;//timer1 计数
  28          extern bit update_flag=0;//timer1 计数标记
  29          
  30          //压线标志位
  31          bit L1=0;//最右侧标志位
  32          bit L2=0;
  33          bit L3=0;
  34          bit L4=0;//最左侧标志位
  35          
  36          u8 flag=0;
  37          
  38          
  39          extern u8 pwm0,pwm1,pwm2;
  40          
  41          /***************************向前走*****************************/
  42          void forward() 
  43          {
  44   1          pwm_left(speed);
  45   1          pwm_right(speed);
  46   1      }
  47          /**************************停止*****************************/
  48          void stop() {pwm_left(0); pwm_right(0);}  
  49          
  50          /*左转90度，自动恢复*/
  51          void turn_left()
  52          {
  53   1        //调试参数修改转弯模式
  54   1          pwm_left(0);
  55   1          pwm_right(speed);
C51 COMPILER V9.52.0.0   MAIN                                                              04/08/2016 17:41:50 PAGE 2   

  56   1        //调试参数，1-255
  57   1          delay_ms(2000);
  58   1          pwm_left(speed);
  59   1          pwm_right(speed);
  60   1      }
  61          
  62          /*右转90度，自动恢复*/
  63          void turn_right()
  64          {
  65   1        //调试参数修改转弯模式
  66   1          pwm_left(speed);
  67   1          pwm_right(0);
  68   1        //调试参数，0-65536
  69   1          delay_ms(2000);
  70   1          pwm_left(speed);
  71   1          pwm_right(speed);
  72   1      }
  73          
  74          void adjust_left()
  75          {
  76   1        u8 temp=TLIN;
  77   1          pwm_left(0);
  78   1          pwm_right(speed);
  79   1        //????????
  80   1        //??????
  81   1        //??130 delay_ms(100)
  82   1        //??170 delay_ms(180) 1?150 too samll
  83   1        //
  84   1          delay_ms(220);
  85   1          //?????
  86   1          for(;temp!=0x00;temp=TLIN)//???????
  87   1          {
  88   2          }
  89   1          //??
  90   1          pwm_left(speed);
  91   1          pwm_right(0);
  92   1          //????
  93   1          delay_ms(200);
  94   1          //????
  95   1          pwm_left(speed);
  96   1          pwm_right(speed);
  97   1          return;
  98   1          
  99   1      }
 100          void adjust_right()
 101          {
 102   1          u8 temp=TLIN;
 103   1          pwm_left(speed);
 104   1          pwm_right(0);
 105   1        //????????
 106   1        //??????
 107   1        //??130 delay_ms(100)
 108   1        //??170 delay_ms(180) 1?150 too samll
 109   1        //
 110   1          delay_ms(200);
 111   1          //?????
 112   1          for(;temp!=0x00;temp=TLIN)//???????
 113   1          {
 114   2        //    delay_ms(10);
 115   2          }
 116   1          //??
 117   1          pwm_left(0);
C51 COMPILER V9.52.0.0   MAIN                                                              04/08/2016 17:41:50 PAGE 3   

 118   1          pwm_right(speed);
 119   1          //????
 120   1          delay_ms(150);
 121   1          //????
 122   1          pwm_left(speed);
 123   1          pwm_right(speed);
 124   1          return;
 125   1      
 126   1      }
 127          
 128          /************************
 129          //左转可调，自动恢复
 130          //t1:保持左转状态时间 1-255
 131          //t2:回调时间 1-255
 132          *************************/
 133          void turn_leftn(u16 t1,u16 t2)
 134          {
 135   1        //调试参数修改转弯模式
 136   1          pwm_left(0);
 137   1          pwm_right(speed);
 138   1        //:保持左转状态时间
 139   1          delay_ms(t1);
 140   1          //回调
 141   1          //回调时pwm比需要计算、调试
 142   1          pwm_left(speed);
 143   1          pwm_right(0);
 144   1            //回调时间
 145   1          delay_ms(t2);
 146   1          //恢复前行
 147   1          pwm_left(speed);
 148   1          pwm_right(speed);
 149   1      }
 150          
 151          /************************
 152          //右转可调，支持转弯后回调
 153          //t1:保持右转状态时间 1-255
 154          //t2:回调时间 1-255
 155          *************************/
 156          void turn_rightn(u16 t1,u16 t2)
 157          {
 158   1        
 159   1        //调试参数修改转弯模式
 160   1          pwm_left(speed);
 161   1          pwm_right(0);
 162   1        //保持右转状态时间
 163   1          delay_ms(t1);
 164   1          
 165   1          //回调
 166   1          //回调时pwm比需要计算、调试
 167   1          pwm_left(0);
 168   1          pwm_right(speed);
 169   1            //回调时间
 170   1          delay_ms(t2);
 171   1          
 172   1          //恢复前行
 173   1          pwm_left(speed);
 174   1          pwm_right(speed);
 175   1      
 176   1      }
 177          
 178          /*****************************检测前面是否有小车*******************************/
 179          
C51 COMPILER V9.52.0.0   MAIN                                                              04/08/2016 17:41:50 PAGE 4   

 180          void check()
 181          {
 182   1        if(k==1)
 183   1          g=1;
 184   1        else 
 185   1          g=0;
 186   1      }
 187          
 188          
 189          void Inline()   //检测黑线信号，检测到黑线时变为高电平，平时低电平
 190          {
 191   1        if(P32==1)    //中间灯检测到            
 192   1        {
 193   2          pwm_right(0);               //右转
 194   2          delay_ms(1500);
 195   2          forward();                  //恢复
 196   2        
 197   2        }
 198   1        switch(TLIN)
 199   1        {
 200   2          //没检测到黑线时，直行
 201   2          case 0x00:    forward();                  break;
 202   2          
 203   2          //右边检测到黑线时,左转
 204   2          case 0x01:  adjust_left();                break;
 205   2          
 206   2          //左边检测到黑线时，右转
 207   2          case 0x02:    adjust_right();             break;
 208   2              
 209   2          //不可能
 210   2          case 0x03:     forward();                 break;
 211   2          
 212   2      //
 213   2          default:  break;
 214   2        }
 215   1        
 216   1                Line_Count();
 217   1      
 218   1      }
 219          
 220          void Line_Count()           //检测黑线条数
 221          {
 222   1          
 223   1      
 224   1        if(update_flag==1)            //定时100*10us到
 225   1          {
 226   2                update_flag=0;            //标记位清空
 227   2      
 228   2              if(line_counter <=1)        //如果该时间内没有第二根线
 229   2              {
 230   3                line_counter=0;           //黑线数量清空    
 231   3                TR0=0;                    //关闭计时器
 232   3                
 233   3              }
 234   2          }
 235   1      
 236   1          if(line_counter >=3)            //超车标志线
 237   1          {
 238   2            
 239   2          }
 240   1          
 241   1          
C51 COMPILER V9.52.0.0   MAIN                                                              04/08/2016 17:41:50 PAGE 5   

 242   1          
 243   1      }
 244          
 245          /*************************主函数***********************************/
 246          main()
 247          { 
 248   1        char dis_code[10]={"---cm"};
 249   1        Initialize_LCD();// init LCD1602
 250   1        PCA_Init();//pwm初始化
 251   1        Timer_config();
 252   1        EXTI_config();
 253   1        EA=1;
 254   1      
 255   1        check();//初始化检测前方小车
 256   1        forward(); //直行
 257   1      
 258   1        ClearLine(1);                 //LCD删行
 259   1        ClearLine(2);
 260   1          
 261   1        //调试用 1-255
 262   1        delay_ms(200);
 263   1      PutString(1,1,"Line_counter:");       //LCD显示   
 264   1          WriteChar(1,7,line_counter);
 265   1          PutString(2,1,dis_code);
 266   1      //    PutString(2,7,"mode:");
 267   1        while(1)
 268   1        { 
 269   2          Inline();
 270   2        //  pwm_left(speed);
 271   2        //  pwm_right(0);
 272   2      
 273   2         }
 274   1       }
 275          
 276          


MODULE INFORMATION:   STATIC OVERLAYABLE
   CODE SIZE        =    501    ----
   CONSTANT SIZE    =     24    ----
   XDATA SIZE       =      5      20
   PDATA SIZE       =   ----    ----
   DATA SIZE        =   ----    ----
   IDATA SIZE       =   ----    ----
   BIT SIZE         =      5    ----
END OF MODULE INFORMATION.


C51 COMPILATION COMPLETE.  0 WARNING(S),  0 ERROR(S)
